// Jest Snapshot v1, https://goo.gl/fbAQLP

exports[`NavBar should match the snapshot 1`] = `
<nav
  className="nav-bar"
>
  <Link
    to="/"
  >
    <img
      alt="Hearthstone logo"
      className="hs-logo"
      src="pokeball.png"
    />
  </Link>
  <div
    className="nav-logo"
  >
    <h1>
      PokemonDB
    </h1>
    <h4>
      POKEMON CARD DATABASE & DECK TRACKER
    </h4>
  </div>
  <div
    className="nav-search"
  >
    <label>
      Search for a card
    </label>
    <input
      id="card-search"
      name="card-search"
      placeholder="Sorry, this feature is under construction"
      type="text"
    />
  </div>
  <img
    alt="under construction icon"
    className="construction"
    src="https://cdn.bulbagarden.net/upload/thumb/d/db/XY_Worker_A.png/171px-XY_Worker_A.png"
  />
</nav>
`;
